2025-11-05 15:39:26,048 | INFO | [PRESCAN] Iniciando pré-scan para 9/2025
2025-11-05 15:39:26,742 | INFO | [PRESCAN] Executando preparador de dados...
2025-11-05 15:39:26,742 | INFO | [PRESCAN] Preparador concluído
2025-11-05 15:39:26,742 | INFO | [PRESCAN] Configurando caminhos de arquivos...
2025-11-05 15:39:26,743 | INFO | [PRESCAN] Arquivo de rentabilidade: rentabilidades\rentabilidade_09_2025_agrupada.xlsx
2025-11-05 15:39:26,743 | INFO | [PRESCAN] Instanciando CalculoComissao...
2025-11-05 15:39:26,744 | INFO | [PRESCAN] Carregando dados...
2025-11-05 15:39:27,460 | INFO | [PRESCAN] Pré-processando dados...
2025-11-05 15:39:27,467 | INFO | [PRESCAN] Rodando detecção de cross-selling...
2025-11-05 15:39:27,469 | INFO | [PRESCAN] Detecção concluída: 0 caso(s) encontrado(s)
2025-11-05 15:39:27,469 | INFO | [PRESCAN] Retornando 0 caso(s)
2025-11-05 15:42:35,960 | INFO | [PRESCAN] Iniciando pré-scan para 9/2025
2025-11-05 15:42:36,802 | INFO | [PRESCAN] Arquivo XLSX detectado sem CSV correspondente, executando preparador para conversão
2025-11-05 15:42:36,802 | INFO | [PRESCAN] Executando preparador de dados...
2025-11-05 15:42:37,272 | INFO | [PRESCAN] Preparador concluído
2025-11-05 15:42:37,272 | INFO | [PRESCAN] Configurando caminhos de arquivos...
2025-11-05 15:42:37,273 | INFO | [PRESCAN] Arquivo de rentabilidade: rentabilidades\rentabilidade_09_2025_agrupada.xlsx
2025-11-05 15:42:37,273 | INFO | [PRESCAN] Instanciando CalculoComissao...
2025-11-05 15:42:37,274 | INFO | [PRESCAN] Carregando dados...
2025-11-05 15:42:37,978 | INFO | [PRESCAN] Pré-processando dados...
2025-11-05 15:42:37,981 | INFO | [PRESCAN] Rodando detecção de cross-selling...
2025-11-05 15:42:37,989 | INFO | [PRESCAN] Detecção concluída: 1 caso(s) encontrado(s)
2025-11-05 15:42:37,990 | INFO | [PRESCAN] Retornando 1 caso(s)
2025-11-05 15:44:57,547 | INFO | [PRESCAN] Iniciando pré-scan para 9/2025
2025-11-05 15:44:57,549 | INFO | [PRESCAN] Arquivos já existem e são recentes, pulando preparador
2025-11-05 15:44:57,549 | INFO | [PRESCAN] Configurando caminhos de arquivos...
2025-11-05 15:44:57,549 | INFO | [PRESCAN] Arquivo de rentabilidade: rentabilidades\rentabilidade_09_2025_agrupada.xlsx
2025-11-05 15:44:57,550 | INFO | [PRESCAN] Instanciando CalculoComissao...
2025-11-05 15:44:57,554 | INFO | [PRESCAN] Carregando dados...
2025-11-05 15:44:58,973 | INFO | [PRESCAN] Pré-processando dados...
2025-11-05 15:44:58,980 | INFO | [PRESCAN] Rodando detecção de cross-selling...
2025-11-05 15:44:58,991 | INFO | [PRESCAN] Detecção concluída: 1 caso(s) encontrado(s)
2025-11-05 15:44:58,992 | INFO | [PRESCAN] Retornando 1 caso(s)
